---
source: src/log_format.rs
expression: rep
---
log format is missing capture: body
    Diagnostic severity: error
