---
source: src/source_hier.rs
expression: new_and_updated_events
---
- DeletedFile:
    - Basic.java
    - 1
- DeletedFile:
    - test_java.rs
    - 6
- NewFile:
    - Basic.java
    - language: Java
      id: 8
- NewFile:
    - new.rs
    - language: Rust
      id: 9
