---
source: src/lib.rs
expression: vars
---
- expr: this
  value: JvmPauseMonitor-n0
