---
source: src/source_hier.rs
expression: no_events
---
[]
