---
source: src/source_hier.rs
expression: deleted_dir_events
---
- DeletedFile:
    - BasicWithUpper.java
    - 5
- DeletedFile:
    - BasicWithLog.java
    - 4
- DeletedFile:
    - BasicWithCustom.java
    - 3
- DeletedFile:
    - BasicSlf4j.java
    - 2
- DeletedFile:
    - Basic.java
    - 8
